// Jest Snapshot v1, https://goo.gl/fbAQLP

exports[`ExampleForm component should render without errors 1`] = `
<Fragment>
  <form
    className="example"
  >
    <InputField
      name="lastName"
      placeholder="Last name"
      type="text"
    />
  </form>
</Fragment>
`;
