// Jest Snapshot v1, https://goo.gl/fbAQLP

exports[`test methods Test change Password methods should render correctly the reset password component 1`] = `ShallowWrapper {}`;
