// Jest Snapshot v1, https://goo.gl/fbAQLP

exports[`test community component methods should test community 1`] = `ShallowWrapper {}`;
